"Input for a user"
input UserInput {
  name: String!
}
