type Mutation {
  version(input: String!): String!
}
